
> levelup-edu@0.1.0 build
> next build

  Γû▓ Next.js 14.2.35
  - Environments: .env.local, .env

   Creating an optimized production build ...
 Γ£ô Compiled successfully
   Linting and checking validity of types ...
node.exe : 
At line:1 char:1
+ & "C:\Program Files\nodejs/node.exe" "C:\Program 
Files\nodejs/node_mo ...
+ 
~~~~~~~~~~~~~~~~~~~~~~~~~~~~~~~~~~~~~~~~~~~~~~~~~~~~~~~~~~~~~~~~~~~~~
    + CategoryInfo          : NotSpecified: (:String) [], RemoteExce  
  ption
    + FullyQualifiedErrorId : NativeCommandError
 
Failed to compile.

./src/app/admin/page.tsx
200:6  Error: React Hook useMemo has a missing dependency: 
'schoolData'. Either include it or remove the dependency array.  
react-hooks/exhaustive-deps
322:6  Error: React Hook useEffect has a missing dependency: 
'defaultAttendanceConfig'. Either include it or remove the dependency 
array.  react-hooks/exhaustive-deps

./src/app/student/page.tsx
311:6  Error: React Hook useEffect has a missing dependency: 
'playSound'. Either include it or remove the dependency array.  
react-hooks/exhaustive-deps
768:6  Error: React Hook useCallback has a missing dependency: 
'setActiveStudentId'. Either include it or remove the dependency 
array.  react-hooks/exhaustive-deps

./src/app/student-home/page.tsx
160:5  Error: React Hook "useEffect" is called conditionally. React 
Hooks must be called in the exact same order in every component 
render. Did you accidentally call a React Hook after an early return? 
 react-hooks/rules-of-hooks

./src/app/teacher/page.tsx
107:8  Error: React Hook useEffect has a missing dependency: 
'getClassName'. Either include it or remove the dependency array.  
react-hooks/exhaustive-deps
524:8  Error: React Hook useEffect has a missing dependency: 'toast'. 
Either include it or remove the dependency array.  
react-hooks/exhaustive-deps
567:23  Error: React Hook "useFirestore" is called conditionally. 
React Hooks must be called in the exact same order in every component 
render. Did you accidentally call a React Hook after an early return? 
 react-hooks/rules-of-hooks
572:26  Error: React Hook "useMemoFirebase" is called conditionally. 
React Hooks must be called in the exact same order in every component 
render. Did you accidentally call a React Hook after an early return? 
 react-hooks/rules-of-hooks
919:9  Error: The 'availableClasses' logical expression could make 
the dependencies of useEffect Hook (at line 947) change on every 
render. To fix this, wrap the initialization of 'availableClasses' in 
its own useMemo() Hook.  react-hooks/exhaustive-deps

info  - Need to disable some ESLint rules? Learn more here: 
https://nextjs.org/docs/basic-features/eslint#disabling-rules
